// Jest Snapshot v1, https://goo.gl/fbAQLP

exports[`Pruebas en gifgriditem debe de mostrar el componente correctamente 1`] = `
<div
  className="card animate__animated animate__fadeIn"
>
  <img
    alt="titulo jein"
    src="http://localhost/img.jpg"
  />
  <p>
    titulo jein
  </p>
</div>
`;
